
   PASS  Tests\Feature\Auth\AuthenticationTest
  ✓ users can authenticate using the login screen                        0.99s  

  Tests:    1 passed (3 assertions)
  Duration: 1.03s

==== Test Run: 2026-06-13 11:05:24 ====

   PASS  Tests\Unit\ExampleTest
  ✓ that true is true

   PASS  Tests\Feature\Auth\AuthenticationTest
  ✓ login screen can be rendered                                         1.16s  
  ✓ users can authenticate using the login screen                        0.05s  
  ✓ users can not authenticate with invalid password                     0.23s  
  ✓ users can logout                                                     0.03s  

   PASS  Tests\Feature\Auth\EmailVerificationTest
  ✓ email verification screen can be rendered                            0.04s  
  ✓ email can be verified                                                0.04s  
  ✓ email is not verified with invalid hash                              0.03s  

   PASS  Tests\Feature\Auth\PasswordConfirmationTest
  ✓ confirm password screen can be rendered                              0.07s  
  ✓ password can be confirmed                                            1.07s  
  ✓ password is not confirmed with invalid password                      0.24s  

   FAIL  Tests\Feature\Auth\PasswordResetTest
  ✓ reset password link screen can be rendered                           0.03s  
  ⨯ reset password link can be requested                                 1.17s  
  ⨯ reset password screen can be rendered                                0.89s  
  ⨯ password can be reset with valid token                               1.16s  

   FAIL  Tests\Feature\Auth\PasswordUpdateTest
  ⨯ password can be updated                                              0.92s  
  ✓ correct password must be provided to update password                 0.03s  

   FAIL  Tests\Feature\Auth\RegistrationTest
  ✓ registration screen can be rendered                                  0.03s  
  ⨯ new users can register                                               0.98s  

   PASS  Tests\Feature\ExampleTest
  ✓ the application returns a successful response                        0.03s  

   PASS  Tests\Feature\ProfileTest
  ✓ profile page is displayed                                            0.05s  
  ✓ profile information can be updated                                   0.05s  
  ✓ email verification status is unchanged when the email address is un… 0.04s  
  ✓ user can delete their account                                        0.04s  
  ✓ correct password must be provided to delete account                  0.03s  
  ────────────────────────────────────────────────────────────────────────────  
   FAILED  Tests\Feature\Auth\PasswordResetTest > reset password link can be…   
  The expected [Illuminate\Auth\Notifications\ResetPassword] notification was not sent.
Failed asserting that false is true.

  at vendor/laravel/framework/src/Illuminate/Support/Testing/Fakes/NotificationFake.php:89
     85▕         if (is_numeric($callback)) {
     86▕             return $this->assertSentToTimes($notifiable, $notification, $callback);
     87▕         }
     88▕ 
  ➜  89▕         PHPUnit::assertTrue(
     90▕             $this->sent($notifiable, $notification, $callback)->count() > 0,
     91▕             "The expected [{$notification}] notification was not sent."
     92▕         );
     93▕     }

      [2m+2 vendor frames [22m
  3   tests/Feature/Auth/PasswordResetTest.php:30

  ────────────────────────────────────────────────────────────────────────────  
   FAILED  Tests\Feature\Auth\PasswordResetTest > reset password screen can…    
  The expected [Illuminate\Auth\Notifications\ResetPassword] notification was not sent.
Failed asserting that false is true.

  at vendor/laravel/framework/src/Illuminate/Support/Testing/Fakes/NotificationFake.php:89
     85▕         if (is_numeric($callback)) {
     86▕             return $this->assertSentToTimes($notifiable, $notification, $callback);
     87▕         }
     88▕ 
  ➜  89▕         PHPUnit::assertTrue(
     90▕             $this->sent($notifiable, $notification, $callback)->count() > 0,
     91▕             "The expected [{$notification}] notification was not sent."
     92▕         );
     93▕     }

      [2m+2 vendor frames [22m
  3   tests/Feature/Auth/PasswordResetTest.php:41

  ────────────────────────────────────────────────────────────────────────────  
   FAILED  Tests\Feature\Auth\PasswordResetTest > password can be reset with…   
  The expected [Illuminate\Auth\Notifications\ResetPassword] notification was not sent.
Failed asserting that false is true.

  at vendor/laravel/framework/src/Illuminate/Support/Testing/Fakes/NotificationFake.php:89
     85▕         if (is_numeric($callback)) {
     86▕             return $this->assertSentToTimes($notifiable, $notification, $callback);
     87▕         }
     88▕ 
  ➜  89▕         PHPUnit::assertTrue(
     90▕             $this->sent($notifiable, $notification, $callback)->count() > 0,
     91▕             "The expected [{$notification}] notification was not sent."
     92▕         );
     93▕     }

      [2m+2 vendor frames [22m
  3   tests/Feature/Auth/PasswordResetTest.php:58

  ────────────────────────────────────────────────────────────────────────────  
   FAILED  Tests\Feature\Auth\PasswordUpdateTest > password can be updated      
  Failed asserting that false is true.

  at tests/Feature/Auth/PasswordUpdateTest.php:31
     27▕         $response
     28▕             ->assertSessionHasNoErrors()
     29▕             ->assertRedirect('/profile');
     30▕ 
  ➜  31▕         $this->assertTrue(Hash::check('new-password', $user->refresh()->password));
     32▕     }
     33▕ 
     34▕     public function test_correct_password_must_be_provided_to_update_password(): void
     35▕     {

  1   tests/Feature/Auth/PasswordUpdateTest.php:31

  ────────────────────────────────────────────────────────────────────────────  
   FAILED  Tests\Feature\Auth\RegistrationTest > new users can register         
  The user is not authenticated
Failed asserting that false is true.

  at tests/Feature/Auth/RegistrationTest.php:28
     24▕             'password' => 'password',
     25▕             'password_confirmation' => 'password',
     26▕         ]);
     27▕ 
  ➜  28▕         $this->assertAuthenticated();
     29▕         $response->assertRedirect(route('dashboard', absolute: false));
     30▕     }
     31▕ }
     32▕


  Tests:    5 failed, 20 passed (55 assertions)
  Duration: 8.50s


==== Test Run: 2026-06-13 11:08:55 ====

   PASS  Tests\Unit\ExampleTest
  ✓ that true is true

   PASS  Tests\Feature\Auth\AuthenticationTest
  ✓ login screen can be rendered                                         1.03s  
  ✓ users can authenticate using the login screen                        0.04s  
  ✓ users can not authenticate with invalid password                     0.23s  
  ✓ users can logout                                                     0.03s  

   PASS  Tests\Feature\Auth\EmailVerificationTest
  ✓ email verification screen can be rendered                            0.04s  
  ✓ email can be verified                                                0.03s  
  ✓ email is not verified with invalid hash                              0.03s  

   PASS  Tests\Feature\Auth\PasswordConfirmationTest
  ✓ confirm password screen can be rendered                              0.03s  
  ✓ password can be confirmed                                            1.00s  
  ✓ password is not confirmed with invalid password                      0.23s  

   FAIL  Tests\Feature\Auth\PasswordResetTest
  ✓ reset password link screen can be rendered                           0.02s  
  ⨯ reset password link can be requested                                 1.01s  
  ⨯ reset password screen can be rendered                                0.91s  
  ⨯ password can be reset with valid token                               0.70s  

   FAIL  Tests\Feature\Auth\PasswordUpdateTest
  ⨯ password can be updated                                              0.93s  
  ✓ correct password must be provided to update password                 0.05s  

   FAIL  Tests\Feature\Auth\RegistrationTest
  ✓ registration screen can be rendered                                  0.05s  
  ⨯ new users can register                                               0.99s  

   PASS  Tests\Feature\ExampleTest
  ✓ the application returns a successful response                        0.03s  

   PASS  Tests\Feature\ProfileTest
  ✓ profile page is displayed                                            0.04s  
  ✓ profile information can be updated                                   0.04s  
  ✓ email verification status is unchanged when the email address is un… 0.04s  
  ✓ user can delete their account                                        0.03s  
  ✓ correct password must be provided to delete account                  0.03s  
  ────────────────────────────────────────────────────────────────────────────  
   FAILED  Tests\Feature\Auth\PasswordResetTest > reset password link can be…   
  The expected [Illuminate\Auth\Notifications\ResetPassword] notification was not sent.
Failed asserting that false is true.

  at vendor/laravel/framework/src/Illuminate/Support/Testing/Fakes/NotificationFake.php:89
     85▕         if (is_numeric($callback)) {
     86▕             return $this->assertSentToTimes($notifiable, $notification, $callback);
     87▕         }
     88▕ 
  ➜  89▕         PHPUnit::assertTrue(
     90▕             $this->sent($notifiable, $notification, $callback)->count() > 0,
     91▕             "The expected [{$notification}] notification was not sent."
     92▕         );
     93▕     }

      [2m+2 vendor frames [22m
  3   tests/Feature/Auth/PasswordResetTest.php:30

  ────────────────────────────────────────────────────────────────────────────  
   FAILED  Tests\Feature\Auth\PasswordResetTest > reset password screen can…    
  The expected [Illuminate\Auth\Notifications\ResetPassword] notification was not sent.
Failed asserting that false is true.

  at vendor/laravel/framework/src/Illuminate/Support/Testing/Fakes/NotificationFake.php:89
     85▕         if (is_numeric($callback)) {
     86▕             return $this->assertSentToTimes($notifiable, $notification, $callback);
     87▕         }
     88▕ 
  ➜  89▕         PHPUnit::assertTrue(
     90▕             $this->sent($notifiable, $notification, $callback)->count() > 0,
     91▕             "The expected [{$notification}] notification was not sent."
     92▕         );
     93▕     }

      [2m+2 vendor frames [22m
  3   tests/Feature/Auth/PasswordResetTest.php:41

  ────────────────────────────────────────────────────────────────────────────  
   FAILED  Tests\Feature\Auth\PasswordResetTest > password can be reset with…   
  The expected [Illuminate\Auth\Notifications\ResetPassword] notification was not sent.
Failed asserting that false is true.

  at vendor/laravel/framework/src/Illuminate/Support/Testing/Fakes/NotificationFake.php:89
     85▕         if (is_numeric($callback)) {
     86▕             return $this->assertSentToTimes($notifiable, $notification, $callback);
     87▕         }
     88▕ 
  ➜  89▕         PHPUnit::assertTrue(
     90▕             $this->sent($notifiable, $notification, $callback)->count() > 0,
     91▕             "The expected [{$notification}] notification was not sent."
     92▕         );
     93▕     }

      [2m+2 vendor frames [22m
  3   tests/Feature/Auth/PasswordResetTest.php:58

  ────────────────────────────────────────────────────────────────────────────  
   FAILED  Tests\Feature\Auth\PasswordUpdateTest > password can be updated      
  Failed asserting that false is true.

  at tests/Feature/Auth/PasswordUpdateTest.php:31
     27▕         $response
     28▕             ->assertSessionHasNoErrors()
     29▕             ->assertRedirect('/profile');
     30▕ 
  ➜  31▕         $this->assertTrue(Hash::check('new-password', $user->refresh()->password));
     32▕     }
     33▕ 
     34▕     public function test_correct_password_must_be_provided_to_update_password(): void
     35▕     {

  1   tests/Feature/Auth/PasswordUpdateTest.php:31

  ────────────────────────────────────────────────────────────────────────────  
   FAILED  Tests\Feature\Auth\RegistrationTest > new users can register         
  The user is not authenticated
Failed asserting that false is true.

  at tests/Feature/Auth/RegistrationTest.php:28
     24▕             'password' => 'password',
     25▕             'password_confirmation' => 'password',
     26▕         ]);
     27▕ 
  ➜  28▕         $this->assertAuthenticated();
     29▕         $response->assertRedirect(route('dashboard', absolute: false));
     30▕     }
     31▕ }
     32▕


  Tests:    5 failed, 20 passed (55 assertions)
  Duration: 7.63s


==== Test Run: 2026-06-13 13:31:56 ====

   PASS  Tests\Unit\ExampleTest
  ✓ that true is true                                                    0.01s  

   PASS  Tests\Feature\Auth\AuthenticationTest
  ✓ login screen can be rendered                                         1.21s  
  ✓ users can authenticate using the login screen                        0.10s  
  ✓ users can not authenticate with invalid password                     0.25s  
  ✓ users can logout                                                     0.03s  

   PASS  Tests\Feature\Auth\EmailVerificationTest
  ✓ email verification screen can be rendered                            0.04s  
  ✓ email can be verified                                                0.05s  
  ✓ email is not verified with invalid hash                              0.07s  

   PASS  Tests\Feature\Auth\PasswordConfirmationTest
  ✓ confirm password screen can be rendered                              0.14s  
  ✓ password can be confirmed                                            1.29s  
  ✓ password is not confirmed with invalid password                      0.26s  

   FAIL  Tests\Feature\Auth\PasswordResetTest
  ✓ reset password link screen can be rendered                           0.05s  
  ⨯ reset password link can be requested                                 0.81s  
  ⨯ reset password screen can be rendered                                1.05s  
  ⨯ password can be reset with valid token                               0.93s  

   FAIL  Tests\Feature\Auth\PasswordUpdateTest
  ⨯ password can be updated                                              0.95s  
  ✓ correct password must be provided to update password                 0.03s  

   FAIL  Tests\Feature\Auth\RegistrationTest
  ✓ registration screen can be rendered                                  0.02s  
  ⨯ new users can register                                               0.91s  

   PASS  Tests\Feature\ExampleTest
  ✓ the application returns a successful response                        0.03s  

   PASS  Tests\Feature\ProfileTest
  ✓ profile page is displayed                                            0.07s  
  ✓ profile information can be updated                                   0.04s  
  ✓ email verification status is unchanged when the email address is un… 0.05s  
  ✓ user can delete their account                                        0.04s  
  ✓ correct password must be provided to delete account                  0.03s  
  ────────────────────────────────────────────────────────────────────────────  
   FAILED  Tests\Feature\Auth\PasswordResetTest > reset password link can be…   
  The expected [Illuminate\Auth\Notifications\ResetPassword] notification was not sent.
Failed asserting that false is true.

  at vendor/laravel/framework/src/Illuminate/Support/Testing/Fakes/NotificationFake.php:89
     85▕         if (is_numeric($callback)) {
     86▕             return $this->assertSentToTimes($notifiable, $notification, $callback);
     87▕         }
     88▕ 
  ➜  89▕         PHPUnit::assertTrue(
     90▕             $this->sent($notifiable, $notification, $callback)->count() > 0,
     91▕             "The expected [{$notification}] notification was not sent."
     92▕         );
     93▕     }

      [2m+2 vendor frames [22m
  3   tests/Feature/Auth/PasswordResetTest.php:30

  ────────────────────────────────────────────────────────────────────────────  
   FAILED  Tests\Feature\Auth\PasswordResetTest > reset password screen can…    
  The expected [Illuminate\Auth\Notifications\ResetPassword] notification was not sent.
Failed asserting that false is true.

  at vendor/laravel/framework/src/Illuminate/Support/Testing/Fakes/NotificationFake.php:89
     85▕         if (is_numeric($callback)) {
     86▕             return $this->assertSentToTimes($notifiable, $notification, $callback);
     87▕         }
     88▕ 
  ➜  89▕         PHPUnit::assertTrue(
     90▕             $this->sent($notifiable, $notification, $callback)->count() > 0,
     91▕             "The expected [{$notification}] notification was not sent."
     92▕         );
     93▕     }

      [2m+2 vendor frames [22m
  3   tests/Feature/Auth/PasswordResetTest.php:41

  ────────────────────────────────────────────────────────────────────────────  
   FAILED  Tests\Feature\Auth\PasswordResetTest > password can be reset with…   
  The expected [Illuminate\Auth\Notifications\ResetPassword] notification was not sent.
Failed asserting that false is true.

  at vendor/laravel/framework/src/Illuminate/Support/Testing/Fakes/NotificationFake.php:89
     85▕         if (is_numeric($callback)) {
     86▕             return $this->assertSentToTimes($notifiable, $notification, $callback);
     87▕         }
     88▕ 
  ➜  89▕         PHPUnit::assertTrue(
     90▕             $this->sent($notifiable, $notification, $callback)->count() > 0,
     91▕             "The expected [{$notification}] notification was not sent."
     92▕         );
     93▕     }

      [2m+2 vendor frames [22m
  3   tests/Feature/Auth/PasswordResetTest.php:58

  ────────────────────────────────────────────────────────────────────────────  
   FAILED  Tests\Feature\Auth\PasswordUpdateTest > password can be updated      
  Failed asserting that false is true.

  at tests/Feature/Auth/PasswordUpdateTest.php:31
     27▕         $response
     28▕             ->assertSessionHasNoErrors()
     29▕             ->assertRedirect('/profile');
     30▕ 
  ➜  31▕         $this->assertTrue(Hash::check('new-password', $user->refresh()->password));
     32▕     }
     33▕ 
     34▕     public function test_correct_password_must_be_provided_to_update_password(): void
     35▕     {

  1   tests/Feature/Auth/PasswordUpdateTest.php:31

  ────────────────────────────────────────────────────────────────────────────  
   FAILED  Tests\Feature\Auth\RegistrationTest > new users can register         
  The user is not authenticated
Failed asserting that false is true.

  at tests/Feature/Auth/RegistrationTest.php:28
     24▕             'password' => 'password',
     25▕             'password_confirmation' => 'password',
     26▕         ]);
     27▕ 
  ➜  28▕         $this->assertAuthenticated();
     29▕         $response->assertRedirect(route('dashboard', absolute: false));
     30▕     }
     31▕ }
     32▕


  Tests:    5 failed, 20 passed (55 assertions)
  Duration: 8.65s


==== Test Run: 2026-06-13 16:57:23 ====

   PASS  Tests\Unit\ExampleTest
  ✓ that true is true

   PASS  Tests\Feature\Auth\AuthenticationTest
  ✓ login screen can be rendered                                         0.97s  
  ✓ users can authenticate using the login screen                        0.04s  
  ✓ users can not authenticate with invalid password                     0.23s  
  ✓ users can logout                                                     0.03s  

   PASS  Tests\Feature\Auth\EmailVerificationTest
  ✓ email verification screen can be rendered                            0.04s  
  ✓ email can be verified                                                0.07s  
  ✓ email is not verified with invalid hash                              0.04s  

   PASS  Tests\Feature\Auth\PasswordConfirmationTest
  ✓ confirm password screen can be rendered                              0.03s  
  ✓ password can be confirmed                                            1.00s  
  ✓ password is not confirmed with invalid password                      0.25s  

   FAIL  Tests\Feature\Auth\PasswordResetTest
  ✓ reset password link screen can be rendered                           0.04s  
  ⨯ reset password link can be requested                                 0.93s  
  ⨯ reset password screen can be rendered                                0.92s  
  ⨯ password can be reset with valid token                               0.91s  

   FAIL  Tests\Feature\Auth\PasswordUpdateTest
  ⨯ password can be updated                                              0.95s  
  ✓ correct password must be provided to update password                 0.03s  

   FAIL  Tests\Feature\Auth\RegistrationTest
  ✓ registration screen can be rendered                                  0.03s  
  ⨯ new users can register                                               0.93s  

   PASS  Tests\Feature\ExampleTest
  ✓ the application returns a successful response                        0.02s  

   PASS  Tests\Feature\ProfileTest
  ✓ profile page is displayed                                            0.04s  
  ✓ profile information can be updated                                   0.03s  
  ✓ email verification status is unchanged when the email address is un… 0.04s  
  ✓ user can delete their account                                        0.03s  
  ✓ correct password must be provided to delete account                  0.03s  
  ────────────────────────────────────────────────────────────────────────────  
   FAILED  Tests\Feature\Auth\PasswordResetTest > reset password link can be…   
  The expected [Illuminate\Auth\Notifications\ResetPassword] notification was not sent.
Failed asserting that false is true.

  at vendor/laravel/framework/src/Illuminate/Support/Testing/Fakes/NotificationFake.php:89
     85▕         if (is_numeric($callback)) {
     86▕             return $this->assertSentToTimes($notifiable, $notification, $callback);
     87▕         }
     88▕ 
  ➜  89▕         PHPUnit::assertTrue(
     90▕             $this->sent($notifiable, $notification, $callback)->count() > 0,
     91▕             "The expected [{$notification}] notification was not sent."
     92▕         );
     93▕     }

      [2m+2 vendor frames [22m
  3   tests/Feature/Auth/PasswordResetTest.php:30

  ────────────────────────────────────────────────────────────────────────────  
   FAILED  Tests\Feature\Auth\PasswordResetTest > reset password screen can…    
  The expected [Illuminate\Auth\Notifications\ResetPassword] notification was not sent.
Failed asserting that false is true.

  at vendor/laravel/framework/src/Illuminate/Support/Testing/Fakes/NotificationFake.php:89
     85▕         if (is_numeric($callback)) {
     86▕             return $this->assertSentToTimes($notifiable, $notification, $callback);
     87▕         }
     88▕ 
  ➜  89▕         PHPUnit::assertTrue(
     90▕             $this->sent($notifiable, $notification, $callback)->count() > 0,
     91▕             "The expected [{$notification}] notification was not sent."
     92▕         );
     93▕     }

      [2m+2 vendor frames [22m
  3   tests/Feature/Auth/PasswordResetTest.php:41

  ────────────────────────────────────────────────────────────────────────────  
   FAILED  Tests\Feature\Auth\PasswordResetTest > password can be reset with…   
  The expected [Illuminate\Auth\Notifications\ResetPassword] notification was not sent.
Failed asserting that false is true.

  at vendor/laravel/framework/src/Illuminate/Support/Testing/Fakes/NotificationFake.php:89
     85▕         if (is_numeric($callback)) {
     86▕             return $this->assertSentToTimes($notifiable, $notification, $callback);
     87▕         }
     88▕ 
  ➜  89▕         PHPUnit::assertTrue(
     90▕             $this->sent($notifiable, $notification, $callback)->count() > 0,
     91▕             "The expected [{$notification}] notification was not sent."
     92▕         );
     93▕     }

      [2m+2 vendor frames [22m
  3   tests/Feature/Auth/PasswordResetTest.php:58

  ────────────────────────────────────────────────────────────────────────────  
   FAILED  Tests\Feature\Auth\PasswordUpdateTest > password can be updated      
  Failed asserting that false is true.

  at tests/Feature/Auth/PasswordUpdateTest.php:31
     27▕         $response
     28▕             ->assertSessionHasNoErrors()
     29▕             ->assertRedirect('/profile');
     30▕ 
  ➜  31▕         $this->assertTrue(Hash::check('new-password', $user->refresh()->password));
     32▕     }
     33▕ 
     34▕     public function test_correct_password_must_be_provided_to_update_password(): void
     35▕     {

  1   tests/Feature/Auth/PasswordUpdateTest.php:31

  ────────────────────────────────────────────────────────────────────────────  
   FAILED  Tests\Feature\Auth\RegistrationTest > new users can register         
  The user is not authenticated
Failed asserting that false is true.

  at tests/Feature/Auth/RegistrationTest.php:28
     24▕             'password' => 'password',
     25▕             'password_confirmation' => 'password',
     26▕         ]);
     27▕ 
  ➜  28▕         $this->assertAuthenticated();
     29▕         $response->assertRedirect(route('dashboard', absolute: false));
     30▕     }
     31▕ }
     32▕


  Tests:    5 failed, 20 passed (55 assertions)
  Duration: 7.71s


==== Test Run: 2026-06-13 17:32:00 ====

   PASS  Tests\Unit\ExampleTest
  ✓ that true is true

   PASS  Tests\Feature\Auth\AuthenticationTest
  ✓ login screen can be rendered                                         0.94s  
  ✓ users can authenticate using the login screen                        0.06s  
  ✓ users can not authenticate with invalid password                     0.23s  
  ✓ users can logout                                                     0.04s  

   PASS  Tests\Feature\Auth\EmailVerificationTest
  ✓ email verification screen can be rendered                            0.04s  
  ✓ email can be verified                                                0.04s  
  ✓ email is not verified with invalid hash                              0.04s  

   PASS  Tests\Feature\Auth\PasswordConfirmationTest
  ✓ confirm password screen can be rendered                              0.04s  
  ✓ password can be confirmed                                            0.96s  
  ✓ password is not confirmed with invalid password                      0.23s  

   FAIL  Tests\Feature\Auth\PasswordResetTest
  ✓ reset password link screen can be rendered                           0.03s  
  ⨯ reset password link can be requested                                 0.72s  
  ⨯ reset password screen can be rendered                                0.75s  
  ⨯ password can be reset with valid token                               0.93s  

   FAIL  Tests\Feature\Auth\PasswordUpdateTest
  ⨯ password can be updated                                              1.25s  
  ✓ correct password must be provided to update password                 0.03s  

   FAIL  Tests\Feature\Auth\RegistrationTest
  ✓ registration screen can be rendered                                  0.03s  
  ⨯ new users can register                                               0.91s  

   PASS  Tests\Feature\ExampleTest
  ✓ the application returns a successful response                        0.02s  

   PASS  Tests\Feature\ProfileTest
  ✓ profile page is displayed                                            0.07s  
  ✓ profile information can be updated                                   0.03s  
  ✓ email verification status is unchanged when the email address is un… 0.03s  
  ✓ user can delete their account                                        0.02s  
  ✓ correct password must be provided to delete account                  0.02s  
  ────────────────────────────────────────────────────────────────────────────  
   FAILED  Tests\Feature\Auth\PasswordResetTest > reset password link can be…   
  The expected [Illuminate\Auth\Notifications\ResetPassword] notification was not sent.
Failed asserting that false is true.

  at vendor/laravel/framework/src/Illuminate/Support/Testing/Fakes/NotificationFake.php:89
     85▕         if (is_numeric($callback)) {
     86▕             return $this->assertSentToTimes($notifiable, $notification, $callback);
     87▕         }
     88▕ 
  ➜  89▕         PHPUnit::assertTrue(
     90▕             $this->sent($notifiable, $notification, $callback)->count() > 0,
     91▕             "The expected [{$notification}] notification was not sent."
     92▕         );
     93▕     }

      [2m+2 vendor frames [22m
  3   tests/Feature/Auth/PasswordResetTest.php:30

  ────────────────────────────────────────────────────────────────────────────  
   FAILED  Tests\Feature\Auth\PasswordResetTest > reset password screen can…    
  The expected [Illuminate\Auth\Notifications\ResetPassword] notification was not sent.
Failed asserting that false is true.

  at vendor/laravel/framework/src/Illuminate/Support/Testing/Fakes/NotificationFake.php:89
     85▕         if (is_numeric($callback)) {
     86▕             return $this->assertSentToTimes($notifiable, $notification, $callback);
     87▕         }
     88▕ 
  ➜  89▕         PHPUnit::assertTrue(
     90▕             $this->sent($notifiable, $notification, $callback)->count() > 0,
     91▕             "The expected [{$notification}] notification was not sent."
     92▕         );
     93▕     }

      [2m+2 vendor frames [22m
  3   tests/Feature/Auth/PasswordResetTest.php:41

  ────────────────────────────────────────────────────────────────────────────  
   FAILED  Tests\Feature\Auth\PasswordResetTest > password can be reset with…   
  The expected [Illuminate\Auth\Notifications\ResetPassword] notification was not sent.
Failed asserting that false is true.

  at vendor/laravel/framework/src/Illuminate/Support/Testing/Fakes/NotificationFake.php:89
     85▕         if (is_numeric($callback)) {
     86▕             return $this->assertSentToTimes($notifiable, $notification, $callback);
     87▕         }
     88▕ 
  ➜  89▕         PHPUnit::assertTrue(
     90▕             $this->sent($notifiable, $notification, $callback)->count() > 0,
     91▕             "The expected [{$notification}] notification was not sent."
     92▕         );
     93▕     }

      [2m+2 vendor frames [22m
  3   tests/Feature/Auth/PasswordResetTest.php:58

  ────────────────────────────────────────────────────────────────────────────  
   FAILED  Tests\Feature\Auth\PasswordUpdateTest > password can be updated      
  Failed asserting that false is true.

  at tests/Feature/Auth/PasswordUpdateTest.php:31
     27▕         $response
     28▕             ->assertSessionHasNoErrors()
     29▕             ->assertRedirect('/profile');
     30▕ 
  ➜  31▕         $this->assertTrue(Hash::check('new-password', $user->refresh()->password));
     32▕     }
     33▕ 
     34▕     public function test_correct_password_must_be_provided_to_update_password(): void
     35▕     {

  1   tests/Feature/Auth/PasswordUpdateTest.php:31

  ────────────────────────────────────────────────────────────────────────────  
   FAILED  Tests\Feature\Auth\RegistrationTest > new users can register         
  The user is not authenticated
Failed asserting that false is true.

  at tests/Feature/Auth/RegistrationTest.php:28
     24▕             'password' => 'password',
     25▕             'password_confirmation' => 'password',
     26▕         ]);
     27▕ 
  ➜  28▕         $this->assertAuthenticated();
     29▕         $response->assertRedirect(route('dashboard', absolute: false));
     30▕     }
     31▕ }
     32▕


  Tests:    5 failed, 20 passed (55 assertions)
  Duration: 7.55s


==== Test Run: 2026-06-13 18:42:00 ====

   PASS  Tests\Unit\ExampleTest
  ✓ that true is true

   PASS  Tests\Feature\Auth\AuthenticationTest
  ✓ login screen can be rendered                                         1.09s  
  ✓ users can authenticate using the login screen                        0.05s  
  ✓ users can not authenticate with invalid password                     0.23s  
  ✓ users can logout                                                     0.05s  

   PASS  Tests\Feature\Auth\EmailVerificationTest
  ✓ email verification screen can be rendered                            0.04s  
  ✓ email can be verified                                                0.03s  
  ✓ email is not verified with invalid hash                              0.03s  

   PASS  Tests\Feature\Auth\PasswordConfirmationTest
  ✓ confirm password screen can be rendered                              0.04s  
  ✓ password can be confirmed                                            0.77s  
  ✓ password is not confirmed with invalid password                      0.23s  

   FAIL  Tests\Feature\Auth\PasswordResetTest
  ✓ reset password link screen can be rendered                           0.03s  
  ⨯ reset password link can be requested                                 0.73s  
  ⨯ reset password screen can be rendered                                1.02s  
  ⨯ password can be reset with valid token                               0.72s  

   FAIL  Tests\Feature\Auth\PasswordUpdateTest
  ⨯ password can be updated                                              0.94s  
  ✓ correct password must be provided to update password                 0.03s  

   FAIL  Tests\Feature\Auth\RegistrationTest
  ✓ registration screen can be rendered                                  0.02s  
  ⨯ new users can register                                               0.78s  

   PASS  Tests\Feature\ExampleTest
  ✓ the application returns a successful response                        0.02s  

   PASS  Tests\Feature\ProfileTest
  ✓ profile page is displayed                                            0.05s  
  ✓ profile information can be updated                                   0.03s  
  ✓ email verification status is unchanged when the email address is un… 0.03s  
  ✓ user can delete their account                                        0.03s  
  ✓ correct password must be provided to delete account                  0.03s  
  ────────────────────────────────────────────────────────────────────────────  
   FAILED  Tests\Feature\Auth\PasswordResetTest > reset password link can be…   
  The expected [Illuminate\Auth\Notifications\ResetPassword] notification was not sent.
Failed asserting that false is true.

  at vendor/laravel/framework/src/Illuminate/Support/Testing/Fakes/NotificationFake.php:89
     85▕         if (is_numeric($callback)) {
     86▕             return $this->assertSentToTimes($notifiable, $notification, $callback);
     87▕         }
     88▕ 
  ➜  89▕         PHPUnit::assertTrue(
     90▕             $this->sent($notifiable, $notification, $callback)->count() > 0,
     91▕             "The expected [{$notification}] notification was not sent."
     92▕         );
     93▕     }

      [2m+2 vendor frames [22m
  3   tests/Feature/Auth/PasswordResetTest.php:30

  ────────────────────────────────────────────────────────────────────────────  
   FAILED  Tests\Feature\Auth\PasswordResetTest > reset password screen can…    
  The expected [Illuminate\Auth\Notifications\ResetPassword] notification was not sent.
Failed asserting that false is true.

  at vendor/laravel/framework/src/Illuminate/Support/Testing/Fakes/NotificationFake.php:89
     85▕         if (is_numeric($callback)) {
     86▕             return $this->assertSentToTimes($notifiable, $notification, $callback);
     87▕         }
     88▕ 
  ➜  89▕         PHPUnit::assertTrue(
     90▕             $this->sent($notifiable, $notification, $callback)->count() > 0,
     91▕             "The expected [{$notification}] notification was not sent."
     92▕         );
     93▕     }

      [2m+2 vendor frames [22m
  3   tests/Feature/Auth/PasswordResetTest.php:41

  ────────────────────────────────────────────────────────────────────────────  
   FAILED  Tests\Feature\Auth\PasswordResetTest > password can be reset with…   
  The expected [Illuminate\Auth\Notifications\ResetPassword] notification was not sent.
Failed asserting that false is true.

  at vendor/laravel/framework/src/Illuminate/Support/Testing/Fakes/NotificationFake.php:89
     85▕         if (is_numeric($callback)) {
     86▕             return $this->assertSentToTimes($notifiable, $notification, $callback);
     87▕         }
     88▕ 
  ➜  89▕         PHPUnit::assertTrue(
     90▕             $this->sent($notifiable, $notification, $callback)->count() > 0,
     91▕             "The expected [{$notification}] notification was not sent."
     92▕         );
     93▕     }

      [2m+2 vendor frames [22m
  3   tests/Feature/Auth/PasswordResetTest.php:58

  ────────────────────────────────────────────────────────────────────────────  
   FAILED  Tests\Feature\Auth\PasswordUpdateTest > password can be updated      
  Failed asserting that false is true.

  at tests/Feature/Auth/PasswordUpdateTest.php:31
     27▕         $response
     28▕             ->assertSessionHasNoErrors()
     29▕             ->assertRedirect('/profile');
     30▕ 
  ➜  31▕         $this->assertTrue(Hash::check('new-password', $user->refresh()->password));
     32▕     }
     33▕ 
     34▕     public function test_correct_password_must_be_provided_to_update_password(): void
     35▕     {

  1   tests/Feature/Auth/PasswordUpdateTest.php:31

  ────────────────────────────────────────────────────────────────────────────  
   FAILED  Tests\Feature\Auth\RegistrationTest > new users can register         
  The user is not authenticated
Failed asserting that false is true.

  at tests/Feature/Auth/RegistrationTest.php:28
     24▕             'password' => 'password',
     25▕             'password_confirmation' => 'password',
     26▕         ]);
     27▕ 
  ➜  28▕         $this->assertAuthenticated();
     29▕         $response->assertRedirect(route('dashboard', absolute: false));
     30▕     }
     31▕ }
     32▕


  Tests:    5 failed, 20 passed (55 assertions)
  Duration: 7.10s


==== Test Run: 2026-06-13 20:15:22 ====

   PASS  Tests\Unit\ExampleTest
  ✓ that true is true

   PASS  Tests\Feature\Auth\AuthenticationTest
  ✓ login screen can be rendered                                         1.09s  
  ✓ users can authenticate using the login screen                        0.05s  
  ✓ users can not authenticate with invalid password                     0.24s  
  ✓ users can logout                                                     0.04s  

   PASS  Tests\Feature\Auth\EmailVerificationTest
  ✓ email verification screen can be rendered                            0.05s  
  ✓ email can be verified                                                0.04s  
  ✓ email is not verified with invalid hash                              0.03s  

   PASS  Tests\Feature\Auth\PasswordConfirmationTest
  ✓ confirm password screen can be rendered                              0.04s  
  ✓ password can be confirmed                                            0.60s  
  ✓ password is not confirmed with invalid password                      0.24s  

   FAIL  Tests\Feature\Auth\PasswordResetTest
  ✓ reset password link screen can be rendered                           0.04s  
  ⨯ reset password link can be requested                                 0.63s  
  ⨯ reset password screen can be rendered                                0.95s  
  ⨯ password can be reset with valid token                               0.51s  

   FAIL  Tests\Feature\Auth\PasswordUpdateTest
  ⨯ password can be updated                                              0.77s  
  ✓ correct password must be provided to update password                 0.03s  

   FAIL  Tests\Feature\Auth\RegistrationTest
  ✓ registration screen can be rendered                                  0.03s  
  ⨯ new users can register                                               0.51s  

   PASS  Tests\Feature\ExampleTest
  ✓ the application returns a successful response                        0.03s  

   PASS  Tests\Feature\ProfileTest
  ✓ profile page is displayed                                            0.06s  
  ✓ profile information can be updated                                   0.03s  
  ✓ email verification status is unchanged when the email address is un… 0.04s  
  ✓ user can delete their account                                        0.03s  
  ✓ correct password must be provided to delete account                  0.04s  
  ────────────────────────────────────────────────────────────────────────────  
   FAILED  Tests\Feature\Auth\PasswordResetTest > reset password link can be…   
  The expected [Illuminate\Auth\Notifications\ResetPassword] notification was not sent.
Failed asserting that false is true.

  at vendor/laravel/framework/src/Illuminate/Support/Testing/Fakes/NotificationFake.php:89
     85▕         if (is_numeric($callback)) {
     86▕             return $this->assertSentToTimes($notifiable, $notification, $callback);
     87▕         }
     88▕ 
  ➜  89▕         PHPUnit::assertTrue(
     90▕             $this->sent($notifiable, $notification, $callback)->count() > 0,
     91▕             "The expected [{$notification}] notification was not sent."
     92▕         );
     93▕     }

      [2m+2 vendor frames [22m
  3   tests/Feature/Auth/PasswordResetTest.php:30

  ────────────────────────────────────────────────────────────────────────────  
   FAILED  Tests\Feature\Auth\PasswordResetTest > reset password screen can…    
  The expected [Illuminate\Auth\Notifications\ResetPassword] notification was not sent.
Failed asserting that false is true.

  at vendor/laravel/framework/src/Illuminate/Support/Testing/Fakes/NotificationFake.php:89
     85▕         if (is_numeric($callback)) {
     86▕             return $this->assertSentToTimes($notifiable, $notification, $callback);
     87▕         }
     88▕ 
  ➜  89▕         PHPUnit::assertTrue(
     90▕             $this->sent($notifiable, $notification, $callback)->count() > 0,
     91▕             "The expected [{$notification}] notification was not sent."
     92▕         );
     93▕     }

      [2m+2 vendor frames [22m
  3   tests/Feature/Auth/PasswordResetTest.php:41

  ────────────────────────────────────────────────────────────────────────────  
   FAILED  Tests\Feature\Auth\PasswordResetTest > password can be reset with…   
  The expected [Illuminate\Auth\Notifications\ResetPassword] notification was not sent.
Failed asserting that false is true.

  at vendor/laravel/framework/src/Illuminate/Support/Testing/Fakes/NotificationFake.php:89
     85▕         if (is_numeric($callback)) {
     86▕             return $this->assertSentToTimes($notifiable, $notification, $callback);
     87▕         }
     88▕ 
  ➜  89▕         PHPUnit::assertTrue(
     90▕             $this->sent($notifiable, $notification, $callback)->count() > 0,
     91▕             "The expected [{$notification}] notification was not sent."
     92▕         );
     93▕     }

      [2m+2 vendor frames [22m
  3   tests/Feature/Auth/PasswordResetTest.php:58

  ────────────────────────────────────────────────────────────────────────────  
   FAILED  Tests\Feature\Auth\PasswordUpdateTest > password can be updated      
  Failed asserting that false is true.

  at tests/Feature/Auth/PasswordUpdateTest.php:31
     27▕         $response
     28▕             ->assertSessionHasNoErrors()
     29▕             ->assertRedirect('/profile');
     30▕ 
  ➜  31▕         $this->assertTrue(Hash::check('new-password', $user->refresh()->password));
     32▕     }
     33▕ 
     34▕     public function test_correct_password_must_be_provided_to_update_password(): void
     35▕     {

  1   tests/Feature/Auth/PasswordUpdateTest.php:31

  ────────────────────────────────────────────────────────────────────────────  
   FAILED  Tests\Feature\Auth\RegistrationTest > new users can register         
  The user is not authenticated
Failed asserting that false is true.

  at tests/Feature/Auth/RegistrationTest.php:28
     24▕             'password' => 'password',
     25▕             'password_confirmation' => 'password',
     26▕         ]);
     27▕ 
  ➜  28▕         $this->assertAuthenticated();
     29▕         $response->assertRedirect(route('dashboard', absolute: false));
     30▕     }
     31▕ }
     32▕


  Tests:    5 failed, 20 passed (55 assertions)
  Duration: 6.16s


==== Test Run: 2026-06-13 22:11:32 ====

   PASS  Tests\Unit\ExampleTest
  ✓ that true is true

   PASS  Tests\Feature\Auth\AuthenticationTest
  ✓ login screen can be rendered                                         1.03s  
  ✓ users can authenticate using the login screen                        0.06s  
  ✓ users can not authenticate with invalid password                     0.23s  
  ✓ users can logout                                                     0.03s  

   PASS  Tests\Feature\Auth\EmailVerificationTest
  ✓ email verification screen can be rendered                            0.04s  
  ✓ email can be verified                                                0.03s  
  ✓ email is not verified with invalid hash                              0.03s  

   PASS  Tests\Feature\Auth\PasswordConfirmationTest
  ✓ confirm password screen can be rendered                              0.03s  
  ✓ password can be confirmed                                            0.74s  
  ✓ password is not confirmed with invalid password                      0.23s  

   FAIL  Tests\Feature\Auth\PasswordResetTest
  ✓ reset password link screen can be rendered                           0.03s  
  ⨯ reset password link can be requested                                 0.73s  
  ⨯ reset password screen can be rendered                                0.72s  
  ⨯ password can be reset with valid token                               0.97s  

   FAIL  Tests\Feature\Auth\PasswordUpdateTest
  ⨯ password can be updated                                              0.93s  
  ✓ correct password must be provided to update password                 0.03s  

   FAIL  Tests\Feature\Auth\RegistrationTest
  ✓ registration screen can be rendered                                  0.02s  
  ⨯ new users can register                                               1.09s  

   PASS  Tests\Feature\ExampleTest
  ✓ the application returns a successful response                        0.02s  

   PASS  Tests\Feature\ProfileTest
  ✓ profile page is displayed                                            0.05s  
  ✓ profile information can be updated                                   0.03s  
  ✓ email verification status is unchanged when the email address is un… 0.03s  
  ✓ user can delete their account                                        0.03s  
  ✓ correct password must be provided to delete account                  0.03s  
  ────────────────────────────────────────────────────────────────────────────  
   FAILED  Tests\Feature\Auth\PasswordResetTest > reset password link can be…   
  The expected [Illuminate\Auth\Notifications\ResetPassword] notification was not sent.
Failed asserting that false is true.

  at vendor/laravel/framework/src/Illuminate/Support/Testing/Fakes/NotificationFake.php:89
     85▕         if (is_numeric($callback)) {
     86▕             return $this->assertSentToTimes($notifiable, $notification, $callback);
     87▕         }
     88▕ 
  ➜  89▕         PHPUnit::assertTrue(
     90▕             $this->sent($notifiable, $notification, $callback)->count() > 0,
     91▕             "The expected [{$notification}] notification was not sent."
     92▕         );
     93▕     }

      [2m+2 vendor frames [22m
  3   tests/Feature/Auth/PasswordResetTest.php:30

  ────────────────────────────────────────────────────────────────────────────  
   FAILED  Tests\Feature\Auth\PasswordResetTest > reset password screen can…    
  The expected [Illuminate\Auth\Notifications\ResetPassword] notification was not sent.
Failed asserting that false is true.

  at vendor/laravel/framework/src/Illuminate/Support/Testing/Fakes/NotificationFake.php:89
     85▕         if (is_numeric($callback)) {
     86▕             return $this->assertSentToTimes($notifiable, $notification, $callback);
     87▕         }
     88▕ 
  ➜  89▕         PHPUnit::assertTrue(
     90▕             $this->sent($notifiable, $notification, $callback)->count() > 0,
     91▕             "The expected [{$notification}] notification was not sent."
     92▕         );
     93▕     }

      [2m+2 vendor frames [22m
  3   tests/Feature/Auth/PasswordResetTest.php:41

  ────────────────────────────────────────────────────────────────────────────  
   FAILED  Tests\Feature\Auth\PasswordResetTest > password can be reset with…   
  The expected [Illuminate\Auth\Notifications\ResetPassword] notification was not sent.
Failed asserting that false is true.

  at vendor/laravel/framework/src/Illuminate/Support/Testing/Fakes/NotificationFake.php:89
     85▕         if (is_numeric($callback)) {
     86▕             return $this->assertSentToTimes($notifiable, $notification, $callback);
     87▕         }
     88▕ 
  ➜  89▕         PHPUnit::assertTrue(
     90▕             $this->sent($notifiable, $notification, $callback)->count() > 0,
     91▕             "The expected [{$notification}] notification was not sent."
     92▕         );
     93▕     }

      [2m+2 vendor frames [22m
  3   tests/Feature/Auth/PasswordResetTest.php:58

  ────────────────────────────────────────────────────────────────────────────  
   FAILED  Tests\Feature\Auth\PasswordUpdateTest > password can be updated      
  Failed asserting that false is true.

  at tests/Feature/Auth/PasswordUpdateTest.php:31
     27▕         $response
     28▕             ->assertSessionHasNoErrors()
     29▕             ->assertRedirect('/profile');
     30▕ 
  ➜  31▕         $this->assertTrue(Hash::check('new-password', $user->refresh()->password));
     32▕     }
     33▕ 
     34▕     public function test_correct_password_must_be_provided_to_update_password(): void
     35▕     {

  1   tests/Feature/Auth/PasswordUpdateTest.php:31

  ────────────────────────────────────────────────────────────────────────────  
   FAILED  Tests\Feature\Auth\RegistrationTest > new users can register         
  The user is not authenticated
Failed asserting that false is true.

  at tests/Feature/Auth/RegistrationTest.php:28
     24▕             'password' => 'password',
     25▕             'password_confirmation' => 'password',
     26▕         ]);
     27▕ 
  ➜  28▕         $this->assertAuthenticated();
     29▕         $response->assertRedirect(route('dashboard', absolute: false));
     30▕     }
     31▕ }
     32▕


  Tests:    5 failed, 20 passed (55 assertions)
  Duration: 7.23s


